// Jest Snapshot v1, https://goo.gl/fbAQLP

exports[`Hello mounts properly 1`] = `
<h1>
  Hello from 
  typescript
   and 
  React
  !
</h1>
`;
